// Jest Snapshot v1, https://goo.gl/fbAQLP

exports[`Testing Company Detail Component should mount the component 1`] = `
<div>
  <Connect(CompanyDetailSecondaryNavbar)
    selected="overview"
  />
  <div
    id="company-detail-grid-container"
  >
    <div
      id="company-detail-profile"
    >
      <h3>
        Sector :
         
        <span
          className="sector0"
          id="sector"
        >
          technology
        </span>
      </h3>
       
      <h3>
        Industry :
         
        <span
          className="industry0"
          id="industry"
        >
          Computer
        </span>
      </h3>
      <h3>
        Employees :
         
        <span
          className="employee0"
          id="employee"
        >
          132
        </span>
      </h3>
      <h3>
        <span
          className="profile0"
          id="profile"
        >
          profile
        </span>
      </h3>
    </div>
    <div
      id="company-detail-recommendation"
    >
      <img
        id="img_gauge"
        src="data:image/jpeg;base64,undefined"
      />
    </div>
  </div>
  <div
    id="ohlcCompanyGraph"
    style={
      Object {
        "margin": "auto",
        "marginBottom": "20px",
        "width": "97%",
      }
    }
  >
    <iframe
      style={
        Object {
          "border": "none",
          "height": "550px",
          "outline": "none",
          "width": "100%",
        }
      }
    />
  </div>
</div>
`;
