// Jest Snapshot v1, https://goo.gl/fbAQLP

exports[`Testing Company Detail Financial Component should mount the component 1`] = `
<div>
  <Connect(CompanyDetailSecondaryNavbar)
    selected="financial"
  />
  <div
    className="financialsMainGrid"
  >
    <sidebar
      className="financialsSidebar"
    >
      <div
        className="financialsSidebarOptions"
        id="financialsSidebarMain"
      >
        <a
          className="financialsSidebarItem"
          href="#table1"
          id="item1"
          onClick={[Function]}
        >
          <img
            alt="Balance Sheet"
            height="80px"
            src="bl.png"
            style={
              Object {
                "margin": "20px 10px 10px 10px",
              }
            }
            width="80px"
          />
          <p
            className="financialsSidebarOptionsP"
          >
            Balance Sheet
          </p>
        </a>
        <a
          className={null}
          href="#table2"
          id="item2"
          onClick={[Function]}
        >
          <img
            alt="Cash Flow"
            height="80px"
            src="cf.png"
            style={
              Object {
                "margin": "20px 10px 10px 10px",
              }
            }
            width="80px"
          />
          <p
            className="financialsSidebarOptionsP"
          >
            Cash Flow
          </p>
        </a>
        <a
          className={null}
          href="#table3"
          id="item3"
          onClick={[Function]}
        >
          <img
            alt="Profit & Loss"
            height="80px"
            src="pl.png"
            style={
              Object {
                "margin": "20px 10px 10px 10px",
              }
            }
            width="80px"
          />
          <p
            className="financialsSidebarOptionsP"
          >
            Profit & Loss
          </p>
        </a>
        <a
          className={null}
          href="#table4"
          id="item4"
          onClick={[Function]}
        >
          <img
            alt="Ratios"
            height="80px"
            src="ratios.png"
            style={
              Object {
                "margin": "20px 10px 10px 10px",
              }
            }
            width="80px"
          />
          <p
            className="financialsSidebarOptionsP"
          >
            Ratios
          </p>
        </a>
      </div>
    </sidebar>
    <div
      className="financialsAllTablesDiv"
    >
      <h1
        className="financialsTitle"
        id="table1"
      >
        Balance Sheet
      </h1>
      <Reports
        headers={
          Array [
            "date",
            "Current Assets",
            "Intangible Assets",
            "Cash & Cash Equivalents",
            "Goodwill",
            "Total Assets",
            "Accounts Payable",
            "Receivables",
            "Current Liabilities",
            "Total Liabilities",
            "Preferred Equity",
            "Total Noncurrent Liabilities",
            "Equity Before Minorities",
          ]
        }
        reportdata={Array []}
      />
      <h1
        className="financialsTitle"
        id="table2"
      >
        Cash Flow
      </h1>
      <Reports
        headers={
          Array [
            "date",
            "Depreciation & Amortisation",
            "PP&E & Intangibles",
            "Net Change in PP&E & Intangibles",
            "Net Change in Cash",
            "Cash From Operating Activities",
            "Cash From Investing Activities",
            "Cash From Financing Activities",
            "Change in Working Capital",
          ]
        }
        reportdata={Array []}
      />
      <h1
        className="financialsTitle"
        id="table3"
      >
        Profit And Loss
      </h1>
      <Reports
        headers={
          Array [
            "date",
            "Revenues",
            "EBIT",
            "Net Profit",
            "R&D",
            "Income Taxes",
          ]
        }
        reportdata={Array []}
      />
      <h1
        className="financialsTitle"
        id="table4"
      >
        Ratios
      </h1>
      <Reports
        headers={
          Array [
            "date",
            "Liabilities to Equity Ratio",
            "Debt to Assets Ratio",
            "Current Ratio",
            "EV / EBITDA",
            "EV / Sales",
            "Operating Income / EV",
          ]
        }
        reportdata={Array []}
      />
    </div>
  </div>
</div>
`;
