// Jest Snapshot v1, https://goo.gl/fbAQLP

exports[`Testing Navbar Component should mount the component 1`] = `
<div
  className="navbarHS"
  id="navbarID"
>
  <Link
    to="/"
  >
    <div
      className="navbarLogoName"
    >
      <span
        className="active"
        id="navbarLogoText1"
        onClick={[Function]}
      >
        HEAD
        <b
          id="navbarLogoText2"
        >
          STOCKS
        </b>
      </span>
    </div>
  </Link>
  <div
    className="navbarLoginOptions"
    onClick={[Function]}
  >
    <span>
      <Link
        className="linkdecornone"
        id="navbarLoginText"
        onClick={[Function]}
        to="/login"
      >
        Login
      </Link>
    </span>
  </div>
  <div
    className="navbarStockOptions"
  >
    <span
      onClick={[Function]}
    >
      <Link
        className="linkdecornone"
        id="navbarStocksText"
        onClick={[Function]}
        to="/Stocks"
      >
        Stocks
      </Link>
    </span>
  </div>
  <div
    className="navbarVTOptions"
  >
    <span
      onClick={[Function]}
    >
      <Link
        className="linkdecornone"
        id="navbarVTText"
        onClick={[Function]}
        to="/login"
      >
        Virtual Trading
      </Link>
    </span>
  </div>
  <div
    className="navbarSearchBox"
    id="navbarSearchBoxDiv"
  >
    <span
      className="navbarSearchSpan"
    >
      <input
        autoComplete="off"
        id="navbarSearchInput"
        name="searchInput"
        onChange={[Function]}
        placeholder="Search for ticker"
        type="text"
      />
      <button
        id="navbarSearchResultsSearchButton"
        onClick={[Function]}
      >
        <i
          className="fa fa-search"
        />
      </button>
    </span>
    <div
      className="navbarSearchResultsNotFound"
    />
  </div>
  <span
    className="icon"
    onClick={[Function]}
  >
    <i
      className="fa fa-bars"
    />
  </span>
</div>
`;
