// Jest Snapshot v1, https://goo.gl/fbAQLP

exports[`Testing Navbar Component should mount the component 1`] = `
<div
  className="navbarHS"
  id="navbarID"
>
  <Link
    to="/"
  >
    <div
      className="navbarLogoName"
    >
      <span
        className="active"
        onClick={[Function]}
      >
        <img
          alt="logo"
          className="navbarlogoimage"
          height="30px"
          src="fakelogo.png"
          width="30px"
        />
        HEAD
        <b>
          STOCKS
        </b>
      </span>
    </div>
  </Link>
  <div
    className="navbarLoginOptions"
  >
    <span
      className=""
      onClick={[Function]}
    >
      <Link
        className="linkdecornone"
        to="/Login"
      >
        Login
      </Link>
    </span>
  </div>
  <div
    className="navbarStockOptions"
  >
    <span
      className=""
      onClick={[Function]}
    >
      <Link
        className="linkdecornone"
        to="/Stocks"
      >
        Stocks
      </Link>
    </span>
  </div>
  <div
    className="navbarSearchBox"
  >
    <span
      className="navbarSearchSpan"
    >
      <input
        name="searchInput"
        onChange={[Function]}
        placeholder="Search for a company or ticker"
        type="text"
      />
      <button
        onClick={[Function]}
      >
        <img
          alt="Search Icon"
          height="15px"
          src="search.png"
          width="15px"
        />
      </button>
    </span>
  </div>
  <span
    className="icon"
    onClick={[Function]}
  >
    <i
      className="fa fa-bars"
    />
  </span>
</div>
`;
