// Jest Snapshot v1, https://goo.gl/fbAQLP

exports[`Testing Register Component should mount the component 1`] = `
<div>
  <div
    id="registerMainContainer"
  >
    <div
      id="registerLeftContainer"
    >
      <h1
        className="w3-container w3-center w3-animate-left"
        id="welcome"
      >
        Benefits of SignUp:
      </h1>
      <p
        className="w3-container w3-center w3-animate-left"
      >
        <ul
          id="registerBenefits"
        >
          <li>
            Detailed Comparison between Companies
          </li>
          <li>
            Can Download Financial Reports
          </li>
        </ul>
      </p>
    </div>
    <div
      id="registerRightContainer"
    >
      <div>
        <Link
          to="/login"
        >
          <button
            id="loginButton"
          >
            Login
          </button>
        </Link>
        <button
          id="registerButton-active"
          onClick={[Function]}
        >
          Sign Up
        </button>
      </div>
      <form
        id="registerForm"
      >
        <p>
          <input
            id="registerInput"
            name="name"
            onChange={[Function]}
            placeholder="Name"
            type="text"
            value=""
          />
        </p>
        <p>
          <p
            id="registerErrorMessage"
          />
        </p>
        <p>
          <input
            id="registerInput"
            name="email"
            onChange={[Function]}
            placeholder="Email"
            type="text"
            value=""
          />
        </p>
        <p
          id="registerErrorMessage"
        />
        <p>
          <input
            id="registerInput"
            name="phone"
            onChange={[Function]}
            placeholder="Mobile No"
            type="text"
            value=""
          />
        </p>
        <p
          id="registerErrorMessage"
        />
        <p>
          <input
            id="registerInput"
            name="password"
            onChange={[Function]}
            placeholder="Password"
            type="password"
            value=""
          />
        </p>
        <p
          id="registerErrorMessage"
        />
        <p>
          <input
            id="registerInput"
            name="confirmPassword"
            onChange={[Function]}
            placeholder="Confirm Password"
            type="password"
            value=""
          />
        </p>
        <p
          id="registerErrorMessage"
        />
        <p
          style={
            Object {
              "display": "none",
            }
          }
        >
          Hello
        </p>
        <p>
          <button
            id="#registerFormButton"
            onClick={[Function]}
          >
            Proceed
          </button>
        </p>
      </form>
    </div>
  </div>
</div>
`;
