// Jest Snapshot v1, https://goo.gl/fbAQLP

exports[`Testing ResetPassword Component should mount the component 1`] = `
<div>
  <div
    id="resetPasswordMainContainer"
  >
    <form
      id="resetPasswordForm"
    >
      <p>
        <button
          id="resetButton"
        >
          Reset Password
        </button>
      </p>
      <p>
        <input
          id="resetPasswordInput"
          name="email"
          onChange={[Function]}
          placeholder="Email"
          type="text"
          value=""
        />
        <span />
      </p>
      <p
        id="resetPasswordErrorMessage"
      />
      <p>
        <input
          id="resetPasswordInput"
          name="password"
          onChange={[Function]}
          placeholder="New Password"
          type="password"
          value=""
        />
      </p>
      <p
        id="resetPasswordErrorMessage"
      />
      <p>
        <input
          id="resetPasswordInput"
          name="confirmPassword"
          onChange={[Function]}
          placeholder="Confirm Password"
          type="password"
          value=""
        />
      </p>
      <p
        id="resetPasswordErrorMessage"
      />
      <p>
        <button
          id="resetPasswordButton"
          onClick={[Function]}
        >
          Proceed
        </button>
      </p>
    </form>
  </div>
</div>
`;
