// Jest Snapshot v1, https://goo.gl/fbAQLP

exports[`Testing ResetPassword Component should mount the component 1`] = `
<div>
  <div
    id="resetPasswordMainContainer"
  >
    <form
      id="resetPasswordForm"
    >
      <div>
        <button
          id="resetButton"
        >
          Reset Password
        </button>
      </div>
      <input
        id="resetPasswordInput"
        name="email"
        onChange={[Function]}
        placeholder="Email"
        type="text"
        value=""
      />
      <p
        id="resetPasswordErrorMessage"
      />
      <input
        id="resetPasswordInput"
        name="password"
        onChange={[Function]}
        placeholder="New Password"
        type="password"
        value=""
      />
      <p
        id="resetPasswordErrorMessage"
      />
      <input
        id="resetPasswordInput"
        name="confirmPassword"
        onChange={[Function]}
        placeholder="Confirm Password"
        type="password"
        value=""
      />
      <p
        id="resetPasswordErrorMessage"
      />
      <button
        id="resetPasswordButton"
        onClick={[Function]}
      >
        Proceed
      </button>
    </form>
  </div>
</div>
`;
