// Jest Snapshot v1, https://goo.gl/fbAQLP

exports[`Testing Stocks Component should mount the component 1`] = `
<div>
  <Radar
    data={
      Object {
        "datasets": Array [
          Object {
            "backgroundColor": "rgb(57,171,247)",
            "borderColor": "rgb(44,62,80)",
            "data": Array [
              65,
              75,
              70,
              80,
              60,
              80,
            ],
            "fill": true,
            "pointBackgroundColor": "orange",
            "pointBorderColor": "rgba(200,0,0,0.6)",
            "pointBorderWidth": 3,
            "pointHoverRadius": 10,
            "pointRadius": 6,
            "radius": 6,
          },
        ],
        "labels": Array [
          "Market Cap",
          "Dividend",
          "PE Ratio",
          "Debt to Equity Ratio",
          "Share Price",
        ],
      }
    }
    options={
      Object {
        "legend": Object {
          "position": "left",
        },
        "scale": Object {
          "pointLabels": Object {
            "fontSize": 18,
          },
          "ticks": Object {
            "beginAtZero": true,
            "max": 100,
            "min": 0,
            "stepSize": 20,
          },
        },
      }
    }
  />
  <div
    id="stocks_main_container"
  >
    <div
      id="stocks_filter"
    >
      <select
        className="stocks_dropdown"
        id="stocks_dropdown_sectors"
        name="sector"
        onChange={[Function]}
        type="text"
        value="Basic Materials"
      >
        <option
          id="sector0"
          name="choice"
        >
          Technology
        </option>
        <option
          id="sector1"
          name="choice"
        >
          Healthcare
        </option>
      </select>
      <select
        className="stocks_dropdown"
        id="stocks_dropdown_industries"
        name="industries"
        onChange={[Function]}
        type="text"
        value="Building Materials"
      >
        <option
          name="choice"
        >
          Select an Industry
        </option>
        <option
          id="industry0"
          name="choice"
        >
          Compauter H/w
        </option>
        <option
          id="industry1"
          name="choice"
        >
          online Media
        </option>
      </select>
      <label
        for="toggle-1"
        id="advance-label"
      >
        Advance Search
      </label>
      <input
        id="toggle-1"
        type="checkbox"
      />
      <div
        id="stocks-advance-filter-grid-main-container"
      >
        <div
          id="advance-fliter-dividend"
        >
          <div
            id="advance-filter-title"
          >
            <p
              id="advance-filter-dividend-p"
            >
              Dividend 
            </p>
          </div>
          <div
            id="stocks-landing-page-slider"
          >
            <ComponentWrapper
              defaultValue={
                Array [
                  -50,
                  80,
                ]
              }
              handleStyle={
                Array [
                  Object {},
                ]
              }
              max={1000}
              min={-50}
              onChange={[Function]}
              tipFormatter={[Function]}
              tipProps={Object {}}
            />
          </div>
          <div
            id="advance-filter-debt-to-equity-ratio-value"
          >
            <p
              id="advance-filter-value"
            >
              -50
            </p>
            <p
              id="advance-filter-value2"
            >
              1000
            </p>
          </div>
        </div>
        <div
          id="advance-filter-market-cap"
        >
          <div
            id="advance-filter-title"
          >
            <p
              id="advance-filter-market-cap-p"
            >
              market cap
            </p>
          </div>
          <div
            id="stocks-landing-page-slider"
          >
            <ComponentWrapper
              defaultValue={
                Array [
                  60,
                  70,
                ]
              }
              handleStyle={
                Array [
                  Object {},
                ]
              }
              max={1000}
              min={0}
              name="slider1"
              onChange={[Function]}
              tipFormatter={[Function]}
              tipProps={Object {}}
            />
          </div>
          <div
            id="advance-filter-debt-to-equity-ratio-value"
          >
            <p
              id="advance-filter-value"
            >
              0
            </p>
            <p
              id="advance-filter-value2"
            >
              100
            </p>
          </div>
        </div>
        <div
          id="advance-filter-share-price"
        >
          <div
            id="advance-filter-title"
          >
            <p
              id="advance-filter-share-price-p"
            >
              share price 
            </p>
          </div>
          <div
            id="stocks-landing-page-slide"
          >
            <ComponentWrapper
              defaultValue={
                Array [
                  43,
                  72,
                ]
              }
              handleStyle={
                Array [
                  Object {},
                ]
              }
              max={1000}
              min={0}
              onChange={[Function]}
              tipFormatter={[Function]}
              tipProps={Object {}}
            />
          </div>
          <div
            id="advance-filter-debt-to-equity-ratio-value"
          >
            <p
              id="advance-filter-value"
            >
              0
            </p>
            <p
              id="advance-filter-value2"
            >
              100
            </p>
          </div>
        </div>
        <div
          id="advance-filter-price-to-equity"
        >
          <div
            id="advance-filter-title"
          >
            <p
              id="advance-filter-price-to-equity-p"
            >
              PRICE TO EQUITY
               
            </p>
          </div>
          <div
            id="stocks-landing-page-slider"
          >
            <ComponentWrapper
              defaultValue={
                Array [
                  89,
                  44,
                ]
              }
              handleStyle={
                Array [
                  Object {},
                ]
              }
              max={1000}
              min={0}
              onChange={[Function]}
              tipFormatter={[Function]}
              tipProps={Object {}}
            />
          </div>
          <div
            id="advance-filter-debt-to-equity-ratio-value"
          >
            <p
              id="advance-filter-value"
            >
              0
            </p>
            <p
              id="advance-filter-value2"
            >
              100
            </p>
          </div>
        </div>
        <div
          id="advance-filter-debt-to-equity"
        >
          <div
            id="advance-filter-title"
          >
            <p
              id="advance-filter-debt-to-equity-p"
            >
              DEBT TO EQUITY RATIO
            </p>
          </div>
          <div
            id="stocks-landing-page-slider"
          >
            <ComponentWrapper
              defaultValue={
                Array [
                  45,
                  34,
                ]
              }
              handleStyle={
                Array [
                  Object {},
                ]
              }
              max={1000}
              min={0}
              onChange={[Function]}
              tipFormatter={[Function]}
              tipProps={Object {}}
            />
          </div>
          <div
            id="advance-filter-debt-to-equity-ratio-value"
          >
            <p
              id="advance-filter-value"
            >
              0
            </p>
            <p
              id="advance-filter-value2"
            >
              100
            </p>
          </div>
        </div>
        <button
          id="advance-filter-button"
          onClick={[Function]}
          type="submit"
        >
          Filter
           
        </button>
      </div>
    </div>
    <div
      id="stocks_main_grid_container"
    >
      <InfiniteScroll
        dataLength={0}
        endMessage={
          <p
            style={
              Object {
                "textAlign": "center",
              }
            }
          >
            <b>
              Yay! You have seen all the stocks
            </b>
          </p>
        }
        hasMore={true}
        height={600}
        loader={
          <div
            id="stocks_loader"
          >
            <Loader
              className=""
              color="#2c3e50"
              style={Object {}}
              textAlign="center"
              timeout={0}
              type={[Function]}
              visible={true}
            />
          </div>
        }
        next={[Function]}
      >
        <div
          id="stocks_grid_container"
        />
      </InfiniteScroll>
    </div>
    <div
      id="stocks_table"
    >
      <div
        id="stocks_div_buttons"
      >
        <button
          className="stocks_gainers"
          id="button_stocks_gainers"
          onClick={[Function]}
        >
          Gainers
        </button>
        <button
          className="stocks_losers"
          id="button_stocks_losers"
          onClick={[Function]}
        >
          Losers
        </button>
      </div>
      <Connect(TickerTable)
        tableData={
          Array [
            Object {
              "tickerValues": Object {
                "Market Cap": "68.00M",
                "Share Price": "4.38",
                "change_percent": "+30.37",
              },
              "ticker_id": 1030,
              "ticker_name": "HPJ",
            },
          ]
        }
        tableHeaders={
          Array [
            "Ticker",
            "Chng (%)",
            "Market Cap",
            "Share Price",
          ]
        }
      />
    </div>
  </div>
</div>
`;
