// Jest Snapshot v1, https://goo.gl/fbAQLP

exports[`Testing stocks Component should mount the component 1`] = `
<div>
  <div
    id="stocks_main_loader"
  >
    <Loader
      className=""
      color="#2c3e50"
      style={Object {}}
      textAlign="center"
      timeout={0}
      type={[Function]}
      visible={true}
    />
  </div>
</div>
`;
